// Jest Snapshot v1, https://goo.gl/fbAQLP

exports[`RedmineApi buildXmlBody should build xml body 1`] = `
"<time_entry>
  <issue_id>26151</issue_id>
  <activity_id>9</activity_id>
  <hours>8</hours>
  <comments>LCL</comments>
  <spent_on>2021-12-31</spent_on>
</time_entry>
"
`;
